// Jest Snapshot v1, https://goo.gl/fbAQLP

exports[`TimePicker snapshot 1`] = `
<DocumentFragment>
  .c0 {
  -webkit-flex: 1;
  -ms-flex: 1;
  flex: 1;
  position: relative;
  min-height: 6%;
  background-color: none;
  border-bottom: 2px dashed #e639477c;
}

.c2 {
  -webkit-flex: 1;
  -ms-flex: 1;
  flex: 1;
  position: relative;
  min-height: 8.25%;
  background-color: none;
  border-bottom: 1px dashed #e639471e;
}

.c3 {
  -webkit-flex: 1;
  -ms-flex: 1;
  flex: 1;
  position: relative;
  min-height: 8.25%;
  background-color: none;
  border-bottom: 2px dashed #e639477c;
}

.c1 {
  position: absolute;
  right: 0;
  bottom: 0;
  font-size: 12px;
  color: #e639477c;
  -webkit-user-select: none;
  -moz-user-select: none;
  -ms-user-select: none;
  user-select: none;
  visibility: hidden;
}

<div
    class="time-picker-wrap"
  >
    <div
      class="time-picker-header"
    >
      <div
        class="header-day"
      >
        <b
          class="header-text"
        >
          Mon
        </b>
      </div>
      <div
        class="header-day"
      >
        <b
          class="header-text"
        >
          Tue
        </b>
      </div>
      <div
        class="header-day"
      >
        <b
          class="header-text"
        >
          Wed
        </b>
      </div>
      <div
        class="header-day"
      >
        <b
          class="header-text"
        >
          Thu
        </b>
      </div>
      <div
        class="header-day"
      >
        <b
          class="header-text"
        >
          Fri
        </b>
      </div>
      <div
        class="header-day"
      >
        <b
          class="header-text"
        >
          Sat
        </b>
      </div>
      <div
        class="header-day"
      >
        <b
          class="header-text"
        >
          Sun
        </b>
      </div>
    </div>
    <div
      class="time-picker"
    >
      <div
        class="day disabled"
      >
        <div
          class="c0"
          type="0"
        >
          <b
            class="c1"
          >
            8:00am
          </b>
          <b
            class="time-tick-large-text"
          >
            8am
          </b>
        </div>
        <div
          class="c2"
          type="2"
        >
          <b
            class="c1"
          >
            8:15am
          </b>
        </div>
        <div
          class="c2"
          type="2"
        >
          <b
            class="c1"
          >
            8:30am
          </b>
        </div>
        <div
          class="c2"
          type="2"
        >
          <b
            class="c1"
          >
            8:45am
          </b>
        </div>
        <div
          class="c3"
          type="1"
        >
          <b
            class="c1"
          >
            9:00am
          </b>
          <b
            class="time-tick-large-text"
          >
            9am
          </b>
        </div>
        <div
          class="c2"
          type="2"
        >
          <b
            class="c1"
          >
            9:15am
          </b>
        </div>
        <div
          class="c2"
          type="2"
        >
          <b
            class="c1"
          >
            9:30am
          </b>
        </div>
        <div
          class="c2"
          type="2"
        >
          <b
            class="c1"
          >
            9:45am
          </b>
        </div>
        <div
          class="c3"
          type="1"
        >
          <b
            class="c1"
          >
            10:00am
          </b>
          <b
            class="time-tick-large-text"
          >
            10am
          </b>
        </div>
        <div
          class="c2"
          type="2"
        >
          <b
            class="c1"
          >
            10:15am
          </b>
        </div>
        <div
          class="c2"
          type="2"
        >
          <b
            class="c1"
          >
            10:30am
          </b>
        </div>
        <div
          class="c2"
          type="2"
        >
          <b
            class="c1"
          >
            10:45am
          </b>
        </div>
        <div
          class="c3"
          type="1"
        >
          <b
            class="c1"
          >
            11:00am
          </b>
          <b
            class="time-tick-large-text"
          >
            11am
          </b>
        </div>
        <div
          class="c2"
          type="2"
        >
          <b
            class="c1"
          >
            11:15am
          </b>
        </div>
        <div
          class="c2"
          type="2"
        >
          <b
            class="c1"
          >
            11:30am
          </b>
        </div>
        <div
          class="c2"
          type="2"
        >
          <b
            class="c1"
          >
            11:45am
          </b>
        </div>
        <div
          class="c3"
          type="1"
        >
          <b
            class="c1"
          >
            12:00pm
          </b>
          <b
            class="time-tick-large-text"
          >
            12pm
          </b>
        </div>
        <div
          class="c2"
          type="2"
        >
          <b
            class="c1"
          >
            12:15pm
          </b>
        </div>
        <div
          class="c2"
          type="2"
        >
          <b
            class="c1"
          >
            12:30pm
          </b>
        </div>
        <div
          class="c2"
          type="2"
        >
          <b
            class="c1"
          >
            12:45pm
          </b>
        </div>
        <div
          class="c3"
          type="1"
        >
          <b
            class="c1"
          >
            1:00pm
          </b>
          <b
            class="time-tick-large-text"
          >
            1pm
          </b>
        </div>
        <div
          class="c2"
          type="2"
        >
          <b
            class="c1"
          >
            1:15pm
          </b>
        </div>
        <div
          class="c2"
          type="2"
        >
          <b
            class="c1"
          >
            1:30pm
          </b>
        </div>
        <div
          class="c2"
          type="2"
        >
          <b
            class="c1"
          >
            1:45pm
          </b>
        </div>
        <div
          class="c3"
          type="1"
        >
          <b
            class="c1"
          >
            2:00pm
          </b>
          <b
            class="time-tick-large-text"
          >
            2pm
          </b>
        </div>
        <div
          class="c2"
          type="2"
        >
          <b
            class="c1"
          >
            2:15pm
          </b>
        </div>
        <div
          class="c2"
          type="2"
        >
          <b
            class="c1"
          >
            2:30pm
          </b>
        </div>
        <div
          class="c2"
          type="2"
        >
          <b
            class="c1"
          >
            2:45pm
          </b>
        </div>
        <div
          class="c3"
          type="1"
        >
          <b
            class="c1"
          >
            3:00pm
          </b>
          <b
            class="time-tick-large-text"
          >
            3pm
          </b>
        </div>
        <div
          class="c2"
          type="2"
        >
          <b
            class="c1"
          >
            3:15pm
          </b>
        </div>
        <div
          class="c2"
          type="2"
        >
          <b
            class="c1"
          >
            3:30pm
          </b>
        </div>
        <div
          class="c2"
          type="2"
        >
          <b
            class="c1"
          >
            3:45pm
          </b>
        </div>
        <div
          class="c3"
          type="1"
        >
          <b
            class="c1"
          >
            4:00pm
          </b>
          <b
            class="time-tick-large-text"
          >
            4pm
          </b>
        </div>
        <div
          class="c2"
          type="2"
        >
          <b
            class="c1"
          >
            4:15pm
          </b>
        </div>
        <div
          class="c2"
          type="2"
        >
          <b
            class="c1"
          >
            4:30pm
          </b>
        </div>
        <div
          class="c2"
          type="2"
        >
          <b
            class="c1"
          >
            4:45pm
          </b>
        </div>
        <div
          class="c3"
          type="1"
        >
          <b
            class="c1"
          >
            5:00pm
          </b>
          <b
            class="time-tick-large-text"
          >
            5pm
          </b>
        </div>
      </div>
      <div
        class="day "
      >
        <div
          class="c0"
          type="0"
        >
          <b
            class="c1"
          >
            8:00am
          </b>
          <b
            class="time-tick-large-text"
          >
            8am
          </b>
        </div>
        <div
          class="c2"
          type="2"
        >
          <b
            class="c1"
          >
            8:15am
          </b>
        </div>
        <div
          class="c2"
          type="2"
        >
          <b
            class="c1"
          >
            8:30am
          </b>
        </div>
        <div
          class="c2"
          type="2"
        >
          <b
            class="c1"
          >
            8:45am
          </b>
        </div>
        <div
          class="c3"
          type="1"
        >
          <b
            class="c1"
          >
            9:00am
          </b>
          <b
            class="time-tick-large-text"
          >
            9am
          </b>
        </div>
        <div
          class="c2"
          type="2"
        >
          <b
            class="c1"
          >
            9:15am
          </b>
        </div>
        <div
          class="c2"
          type="2"
        >
          <b
            class="c1"
          >
            9:30am
          </b>
        </div>
        <div
          class="c2"
          type="2"
        >
          <b
            class="c1"
          >
            9:45am
          </b>
        </div>
        <div
          class="c3"
          type="1"
        >
          <b
            class="c1"
          >
            10:00am
          </b>
          <b
            class="time-tick-large-text"
          >
            10am
          </b>
        </div>
        <div
          class="c2"
          type="2"
        >
          <b
            class="c1"
          >
            10:15am
          </b>
        </div>
        <div
          class="c2"
          type="2"
        >
          <b
            class="c1"
          >
            10:30am
          </b>
        </div>
        <div
          class="c2"
          type="2"
        >
          <b
            class="c1"
          >
            10:45am
          </b>
        </div>
        <div
          class="c3"
          type="1"
        >
          <b
            class="c1"
          >
            11:00am
          </b>
          <b
            class="time-tick-large-text"
          >
            11am
          </b>
        </div>
        <div
          class="c2"
          type="2"
        >
          <b
            class="c1"
          >
            11:15am
          </b>
        </div>
        <div
          class="c2"
          type="2"
        >
          <b
            class="c1"
          >
            11:30am
          </b>
        </div>
        <div
          class="c2"
          type="2"
        >
          <b
            class="c1"
          >
            11:45am
          </b>
        </div>
        <div
          class="c3"
          type="1"
        >
          <b
            class="c1"
          >
            12:00pm
          </b>
          <b
            class="time-tick-large-text"
          >
            12pm
          </b>
        </div>
        <div
          class="c2"
          type="2"
        >
          <b
            class="c1"
          >
            12:15pm
          </b>
        </div>
        <div
          class="c2"
          type="2"
        >
          <b
            class="c1"
          >
            12:30pm
          </b>
        </div>
        <div
          class="c2"
          type="2"
        >
          <b
            class="c1"
          >
            12:45pm
          </b>
        </div>
        <div
          class="c3"
          type="1"
        >
          <b
            class="c1"
          >
            1:00pm
          </b>
          <b
            class="time-tick-large-text"
          >
            1pm
          </b>
        </div>
        <div
          class="c2"
          type="2"
        >
          <b
            class="c1"
          >
            1:15pm
          </b>
        </div>
        <div
          class="c2"
          type="2"
        >
          <b
            class="c1"
          >
            1:30pm
          </b>
        </div>
        <div
          class="c2"
          type="2"
        >
          <b
            class="c1"
          >
            1:45pm
          </b>
        </div>
        <div
          class="c3"
          type="1"
        >
          <b
            class="c1"
          >
            2:00pm
          </b>
          <b
            class="time-tick-large-text"
          >
            2pm
          </b>
        </div>
        <div
          class="c2"
          type="2"
        >
          <b
            class="c1"
          >
            2:15pm
          </b>
        </div>
        <div
          class="c2"
          type="2"
        >
          <b
            class="c1"
          >
            2:30pm
          </b>
        </div>
        <div
          class="c2"
          type="2"
        >
          <b
            class="c1"
          >
            2:45pm
          </b>
        </div>
        <div
          class="c3"
          type="1"
        >
          <b
            class="c1"
          >
            3:00pm
          </b>
          <b
            class="time-tick-large-text"
          >
            3pm
          </b>
        </div>
        <div
          class="c2"
          type="2"
        >
          <b
            class="c1"
          >
            3:15pm
          </b>
        </div>
        <div
          class="c2"
          type="2"
        >
          <b
            class="c1"
          >
            3:30pm
          </b>
        </div>
        <div
          class="c2"
          type="2"
        >
          <b
            class="c1"
          >
            3:45pm
          </b>
        </div>
        <div
          class="c3"
          type="1"
        >
          <b
            class="c1"
          >
            4:00pm
          </b>
          <b
            class="time-tick-large-text"
          >
            4pm
          </b>
        </div>
        <div
          class="c2"
          type="2"
        >
          <b
            class="c1"
          >
            4:15pm
          </b>
        </div>
        <div
          class="c2"
          type="2"
        >
          <b
            class="c1"
          >
            4:30pm
          </b>
        </div>
        <div
          class="c2"
          type="2"
        >
          <b
            class="c1"
          >
            4:45pm
          </b>
        </div>
        <div
          class="c3"
          type="1"
        >
          <b
            class="c1"
          >
            5:00pm
          </b>
          <b
            class="time-tick-large-text"
          >
            5pm
          </b>
        </div>
      </div>
      <div
        class="day "
      >
        <div
          class="c0"
          type="0"
        >
          <b
            class="c1"
          >
            8:00am
          </b>
          <b
            class="time-tick-large-text"
          >
            8am
          </b>
        </div>
        <div
          class="c2"
          type="2"
        >
          <b
            class="c1"
          >
            8:15am
          </b>
        </div>
        <div
          class="c2"
          type="2"
        >
          <b
            class="c1"
          >
            8:30am
          </b>
        </div>
        <div
          class="c2"
          type="2"
        >
          <b
            class="c1"
          >
            8:45am
          </b>
        </div>
        <div
          class="c3"
          type="1"
        >
          <b
            class="c1"
          >
            9:00am
          </b>
          <b
            class="time-tick-large-text"
          >
            9am
          </b>
        </div>
        <div
          class="c2"
          type="2"
        >
          <b
            class="c1"
          >
            9:15am
          </b>
        </div>
        <div
          class="c2"
          type="2"
        >
          <b
            class="c1"
          >
            9:30am
          </b>
        </div>
        <div
          class="c2"
          type="2"
        >
          <b
            class="c1"
          >
            9:45am
          </b>
        </div>
        <div
          class="c3"
          type="1"
        >
          <b
            class="c1"
          >
            10:00am
          </b>
          <b
            class="time-tick-large-text"
          >
            10am
          </b>
        </div>
        <div
          class="c2"
          type="2"
        >
          <b
            class="c1"
          >
            10:15am
          </b>
        </div>
        <div
          class="c2"
          type="2"
        >
          <b
            class="c1"
          >
            10:30am
          </b>
        </div>
        <div
          class="c2"
          type="2"
        >
          <b
            class="c1"
          >
            10:45am
          </b>
        </div>
        <div
          class="c3"
          type="1"
        >
          <b
            class="c1"
          >
            11:00am
          </b>
          <b
            class="time-tick-large-text"
          >
            11am
          </b>
        </div>
        <div
          class="c2"
          type="2"
        >
          <b
            class="c1"
          >
            11:15am
          </b>
        </div>
        <div
          class="c2"
          type="2"
        >
          <b
            class="c1"
          >
            11:30am
          </b>
        </div>
        <div
          class="c2"
          type="2"
        >
          <b
            class="c1"
          >
            11:45am
          </b>
        </div>
        <div
          class="c3"
          type="1"
        >
          <b
            class="c1"
          >
            12:00pm
          </b>
          <b
            class="time-tick-large-text"
          >
            12pm
          </b>
        </div>
        <div
          class="c2"
          type="2"
        >
          <b
            class="c1"
          >
            12:15pm
          </b>
        </div>
        <div
          class="c2"
          type="2"
        >
          <b
            class="c1"
          >
            12:30pm
          </b>
        </div>
        <div
          class="c2"
          type="2"
        >
          <b
            class="c1"
          >
            12:45pm
          </b>
        </div>
        <div
          class="c3"
          type="1"
        >
          <b
            class="c1"
          >
            1:00pm
          </b>
          <b
            class="time-tick-large-text"
          >
            1pm
          </b>
        </div>
        <div
          class="c2"
          type="2"
        >
          <b
            class="c1"
          >
            1:15pm
          </b>
        </div>
        <div
          class="c2"
          type="2"
        >
          <b
            class="c1"
          >
            1:30pm
          </b>
        </div>
        <div
          class="c2"
          type="2"
        >
          <b
            class="c1"
          >
            1:45pm
          </b>
        </div>
        <div
          class="c3"
          type="1"
        >
          <b
            class="c1"
          >
            2:00pm
          </b>
          <b
            class="time-tick-large-text"
          >
            2pm
          </b>
        </div>
        <div
          class="c2"
          type="2"
        >
          <b
            class="c1"
          >
            2:15pm
          </b>
        </div>
        <div
          class="c2"
          type="2"
        >
          <b
            class="c1"
          >
            2:30pm
          </b>
        </div>
        <div
          class="c2"
          type="2"
        >
          <b
            class="c1"
          >
            2:45pm
          </b>
        </div>
        <div
          class="c3"
          type="1"
        >
          <b
            class="c1"
          >
            3:00pm
          </b>
          <b
            class="time-tick-large-text"
          >
            3pm
          </b>
        </div>
        <div
          class="c2"
          type="2"
        >
          <b
            class="c1"
          >
            3:15pm
          </b>
        </div>
        <div
          class="c2"
          type="2"
        >
          <b
            class="c1"
          >
            3:30pm
          </b>
        </div>
        <div
          class="c2"
          type="2"
        >
          <b
            class="c1"
          >
            3:45pm
          </b>
        </div>
        <div
          class="c3"
          type="1"
        >
          <b
            class="c1"
          >
            4:00pm
          </b>
          <b
            class="time-tick-large-text"
          >
            4pm
          </b>
        </div>
        <div
          class="c2"
          type="2"
        >
          <b
            class="c1"
          >
            4:15pm
          </b>
        </div>
        <div
          class="c2"
          type="2"
        >
          <b
            class="c1"
          >
            4:30pm
          </b>
        </div>
        <div
          class="c2"
          type="2"
        >
          <b
            class="c1"
          >
            4:45pm
          </b>
        </div>
        <div
          class="c3"
          type="1"
        >
          <b
            class="c1"
          >
            5:00pm
          </b>
          <b
            class="time-tick-large-text"
          >
            5pm
          </b>
        </div>
      </div>
      <div
        class="day disabled"
      >
        <div
          class="c0"
          type="0"
        >
          <b
            class="c1"
          >
            8:00am
          </b>
          <b
            class="time-tick-large-text"
          >
            8am
          </b>
        </div>
        <div
          class="c2"
          type="2"
        >
          <b
            class="c1"
          >
            8:15am
          </b>
        </div>
        <div
          class="c2"
          type="2"
        >
          <b
            class="c1"
          >
            8:30am
          </b>
        </div>
        <div
          class="c2"
          type="2"
        >
          <b
            class="c1"
          >
            8:45am
          </b>
        </div>
        <div
          class="c3"
          type="1"
        >
          <b
            class="c1"
          >
            9:00am
          </b>
          <b
            class="time-tick-large-text"
          >
            9am
          </b>
        </div>
        <div
          class="c2"
          type="2"
        >
          <b
            class="c1"
          >
            9:15am
          </b>
        </div>
        <div
          class="c2"
          type="2"
        >
          <b
            class="c1"
          >
            9:30am
          </b>
        </div>
        <div
          class="c2"
          type="2"
        >
          <b
            class="c1"
          >
            9:45am
          </b>
        </div>
        <div
          class="c3"
          type="1"
        >
          <b
            class="c1"
          >
            10:00am
          </b>
          <b
            class="time-tick-large-text"
          >
            10am
          </b>
        </div>
        <div
          class="c2"
          type="2"
        >
          <b
            class="c1"
          >
            10:15am
          </b>
        </div>
        <div
          class="c2"
          type="2"
        >
          <b
            class="c1"
          >
            10:30am
          </b>
        </div>
        <div
          class="c2"
          type="2"
        >
          <b
            class="c1"
          >
            10:45am
          </b>
        </div>
        <div
          class="c3"
          type="1"
        >
          <b
            class="c1"
          >
            11:00am
          </b>
          <b
            class="time-tick-large-text"
          >
            11am
          </b>
        </div>
        <div
          class="c2"
          type="2"
        >
          <b
            class="c1"
          >
            11:15am
          </b>
        </div>
        <div
          class="c2"
          type="2"
        >
          <b
            class="c1"
          >
            11:30am
          </b>
        </div>
        <div
          class="c2"
          type="2"
        >
          <b
            class="c1"
          >
            11:45am
          </b>
        </div>
        <div
          class="c3"
          type="1"
        >
          <b
            class="c1"
          >
            12:00pm
          </b>
          <b
            class="time-tick-large-text"
          >
            12pm
          </b>
        </div>
        <div
          class="c2"
          type="2"
        >
          <b
            class="c1"
          >
            12:15pm
          </b>
        </div>
        <div
          class="c2"
          type="2"
        >
          <b
            class="c1"
          >
            12:30pm
          </b>
        </div>
        <div
          class="c2"
          type="2"
        >
          <b
            class="c1"
          >
            12:45pm
          </b>
        </div>
        <div
          class="c3"
          type="1"
        >
          <b
            class="c1"
          >
            1:00pm
          </b>
          <b
            class="time-tick-large-text"
          >
            1pm
          </b>
        </div>
        <div
          class="c2"
          type="2"
        >
          <b
            class="c1"
          >
            1:15pm
          </b>
        </div>
        <div
          class="c2"
          type="2"
        >
          <b
            class="c1"
          >
            1:30pm
          </b>
        </div>
        <div
          class="c2"
          type="2"
        >
          <b
            class="c1"
          >
            1:45pm
          </b>
        </div>
        <div
          class="c3"
          type="1"
        >
          <b
            class="c1"
          >
            2:00pm
          </b>
          <b
            class="time-tick-large-text"
          >
            2pm
          </b>
        </div>
        <div
          class="c2"
          type="2"
        >
          <b
            class="c1"
          >
            2:15pm
          </b>
        </div>
        <div
          class="c2"
          type="2"
        >
          <b
            class="c1"
          >
            2:30pm
          </b>
        </div>
        <div
          class="c2"
          type="2"
        >
          <b
            class="c1"
          >
            2:45pm
          </b>
        </div>
        <div
          class="c3"
          type="1"
        >
          <b
            class="c1"
          >
            3:00pm
          </b>
          <b
            class="time-tick-large-text"
          >
            3pm
          </b>
        </div>
        <div
          class="c2"
          type="2"
        >
          <b
            class="c1"
          >
            3:15pm
          </b>
        </div>
        <div
          class="c2"
          type="2"
        >
          <b
            class="c1"
          >
            3:30pm
          </b>
        </div>
        <div
          class="c2"
          type="2"
        >
          <b
            class="c1"
          >
            3:45pm
          </b>
        </div>
        <div
          class="c3"
          type="1"
        >
          <b
            class="c1"
          >
            4:00pm
          </b>
          <b
            class="time-tick-large-text"
          >
            4pm
          </b>
        </div>
        <div
          class="c2"
          type="2"
        >
          <b
            class="c1"
          >
            4:15pm
          </b>
        </div>
        <div
          class="c2"
          type="2"
        >
          <b
            class="c1"
          >
            4:30pm
          </b>
        </div>
        <div
          class="c2"
          type="2"
        >
          <b
            class="c1"
          >
            4:45pm
          </b>
        </div>
        <div
          class="c3"
          type="1"
        >
          <b
            class="c1"
          >
            5:00pm
          </b>
          <b
            class="time-tick-large-text"
          >
            5pm
          </b>
        </div>
      </div>
      <div
        class="day "
      >
        <div
          class="c0"
          type="0"
        >
          <b
            class="c1"
          >
            8:00am
          </b>
          <b
            class="time-tick-large-text"
          >
            8am
          </b>
        </div>
        <div
          class="c2"
          type="2"
        >
          <b
            class="c1"
          >
            8:15am
          </b>
        </div>
        <div
          class="c2"
          type="2"
        >
          <b
            class="c1"
          >
            8:30am
          </b>
        </div>
        <div
          class="c2"
          type="2"
        >
          <b
            class="c1"
          >
            8:45am
          </b>
        </div>
        <div
          class="c3"
          type="1"
        >
          <b
            class="c1"
          >
            9:00am
          </b>
          <b
            class="time-tick-large-text"
          >
            9am
          </b>
        </div>
        <div
          class="c2"
          type="2"
        >
          <b
            class="c1"
          >
            9:15am
          </b>
        </div>
        <div
          class="c2"
          type="2"
        >
          <b
            class="c1"
          >
            9:30am
          </b>
        </div>
        <div
          class="c2"
          type="2"
        >
          <b
            class="c1"
          >
            9:45am
          </b>
        </div>
        <div
          class="c3"
          type="1"
        >
          <b
            class="c1"
          >
            10:00am
          </b>
          <b
            class="time-tick-large-text"
          >
            10am
          </b>
        </div>
        <div
          class="c2"
          type="2"
        >
          <b
            class="c1"
          >
            10:15am
          </b>
        </div>
        <div
          class="c2"
          type="2"
        >
          <b
            class="c1"
          >
            10:30am
          </b>
        </div>
        <div
          class="c2"
          type="2"
        >
          <b
            class="c1"
          >
            10:45am
          </b>
        </div>
        <div
          class="c3"
          type="1"
        >
          <b
            class="c1"
          >
            11:00am
          </b>
          <b
            class="time-tick-large-text"
          >
            11am
          </b>
        </div>
        <div
          class="c2"
          type="2"
        >
          <b
            class="c1"
          >
            11:15am
          </b>
        </div>
        <div
          class="c2"
          type="2"
        >
          <b
            class="c1"
          >
            11:30am
          </b>
        </div>
        <div
          class="c2"
          type="2"
        >
          <b
            class="c1"
          >
            11:45am
          </b>
        </div>
        <div
          class="c3"
          type="1"
        >
          <b
            class="c1"
          >
            12:00pm
          </b>
          <b
            class="time-tick-large-text"
          >
            12pm
          </b>
        </div>
        <div
          class="c2"
          type="2"
        >
          <b
            class="c1"
          >
            12:15pm
          </b>
        </div>
        <div
          class="c2"
          type="2"
        >
          <b
            class="c1"
          >
            12:30pm
          </b>
        </div>
        <div
          class="c2"
          type="2"
        >
          <b
            class="c1"
          >
            12:45pm
          </b>
        </div>
        <div
          class="c3"
          type="1"
        >
          <b
            class="c1"
          >
            1:00pm
          </b>
          <b
            class="time-tick-large-text"
          >
            1pm
          </b>
        </div>
        <div
          class="c2"
          type="2"
        >
          <b
            class="c1"
          >
            1:15pm
          </b>
        </div>
        <div
          class="c2"
          type="2"
        >
          <b
            class="c1"
          >
            1:30pm
          </b>
        </div>
        <div
          class="c2"
          type="2"
        >
          <b
            class="c1"
          >
            1:45pm
          </b>
        </div>
        <div
          class="c3"
          type="1"
        >
          <b
            class="c1"
          >
            2:00pm
          </b>
          <b
            class="time-tick-large-text"
          >
            2pm
          </b>
        </div>
        <div
          class="c2"
          type="2"
        >
          <b
            class="c1"
          >
            2:15pm
          </b>
        </div>
        <div
          class="c2"
          type="2"
        >
          <b
            class="c1"
          >
            2:30pm
          </b>
        </div>
        <div
          class="c2"
          type="2"
        >
          <b
            class="c1"
          >
            2:45pm
          </b>
        </div>
        <div
          class="c3"
          type="1"
        >
          <b
            class="c1"
          >
            3:00pm
          </b>
          <b
            class="time-tick-large-text"
          >
            3pm
          </b>
        </div>
        <div
          class="c2"
          type="2"
        >
          <b
            class="c1"
          >
            3:15pm
          </b>
        </div>
        <div
          class="c2"
          type="2"
        >
          <b
            class="c1"
          >
            3:30pm
          </b>
        </div>
        <div
          class="c2"
          type="2"
        >
          <b
            class="c1"
          >
            3:45pm
          </b>
        </div>
        <div
          class="c3"
          type="1"
        >
          <b
            class="c1"
          >
            4:00pm
          </b>
          <b
            class="time-tick-large-text"
          >
            4pm
          </b>
        </div>
        <div
          class="c2"
          type="2"
        >
          <b
            class="c1"
          >
            4:15pm
          </b>
        </div>
        <div
          class="c2"
          type="2"
        >
          <b
            class="c1"
          >
            4:30pm
          </b>
        </div>
        <div
          class="c2"
          type="2"
        >
          <b
            class="c1"
          >
            4:45pm
          </b>
        </div>
        <div
          class="c3"
          type="1"
        >
          <b
            class="c1"
          >
            5:00pm
          </b>
          <b
            class="time-tick-large-text"
          >
            5pm
          </b>
        </div>
      </div>
      <div
        class="day "
      >
        <div
          class="c0"
          type="0"
        >
          <b
            class="c1"
          >
            8:00am
          </b>
          <b
            class="time-tick-large-text"
          >
            8am
          </b>
        </div>
        <div
          class="c2"
          type="2"
        >
          <b
            class="c1"
          >
            8:15am
          </b>
        </div>
        <div
          class="c2"
          type="2"
        >
          <b
            class="c1"
          >
            8:30am
          </b>
        </div>
        <div
          class="c2"
          type="2"
        >
          <b
            class="c1"
          >
            8:45am
          </b>
        </div>
        <div
          class="c3"
          type="1"
        >
          <b
            class="c1"
          >
            9:00am
          </b>
          <b
            class="time-tick-large-text"
          >
            9am
          </b>
        </div>
        <div
          class="c2"
          type="2"
        >
          <b
            class="c1"
          >
            9:15am
          </b>
        </div>
        <div
          class="c2"
          type="2"
        >
          <b
            class="c1"
          >
            9:30am
          </b>
        </div>
        <div
          class="c2"
          type="2"
        >
          <b
            class="c1"
          >
            9:45am
          </b>
        </div>
        <div
          class="c3"
          type="1"
        >
          <b
            class="c1"
          >
            10:00am
          </b>
          <b
            class="time-tick-large-text"
          >
            10am
          </b>
        </div>
        <div
          class="c2"
          type="2"
        >
          <b
            class="c1"
          >
            10:15am
          </b>
        </div>
        <div
          class="c2"
          type="2"
        >
          <b
            class="c1"
          >
            10:30am
          </b>
        </div>
        <div
          class="c2"
          type="2"
        >
          <b
            class="c1"
          >
            10:45am
          </b>
        </div>
        <div
          class="c3"
          type="1"
        >
          <b
            class="c1"
          >
            11:00am
          </b>
          <b
            class="time-tick-large-text"
          >
            11am
          </b>
        </div>
        <div
          class="c2"
          type="2"
        >
          <b
            class="c1"
          >
            11:15am
          </b>
        </div>
        <div
          class="c2"
          type="2"
        >
          <b
            class="c1"
          >
            11:30am
          </b>
        </div>
        <div
          class="c2"
          type="2"
        >
          <b
            class="c1"
          >
            11:45am
          </b>
        </div>
        <div
          class="c3"
          type="1"
        >
          <b
            class="c1"
          >
            12:00pm
          </b>
          <b
            class="time-tick-large-text"
          >
            12pm
          </b>
        </div>
        <div
          class="c2"
          type="2"
        >
          <b
            class="c1"
          >
            12:15pm
          </b>
        </div>
        <div
          class="c2"
          type="2"
        >
          <b
            class="c1"
          >
            12:30pm
          </b>
        </div>
        <div
          class="c2"
          type="2"
        >
          <b
            class="c1"
          >
            12:45pm
          </b>
        </div>
        <div
          class="c3"
          type="1"
        >
          <b
            class="c1"
          >
            1:00pm
          </b>
          <b
            class="time-tick-large-text"
          >
            1pm
          </b>
        </div>
        <div
          class="c2"
          type="2"
        >
          <b
            class="c1"
          >
            1:15pm
          </b>
        </div>
        <div
          class="c2"
          type="2"
        >
          <b
            class="c1"
          >
            1:30pm
          </b>
        </div>
        <div
          class="c2"
          type="2"
        >
          <b
            class="c1"
          >
            1:45pm
          </b>
        </div>
        <div
          class="c3"
          type="1"
        >
          <b
            class="c1"
          >
            2:00pm
          </b>
          <b
            class="time-tick-large-text"
          >
            2pm
          </b>
        </div>
        <div
          class="c2"
          type="2"
        >
          <b
            class="c1"
          >
            2:15pm
          </b>
        </div>
        <div
          class="c2"
          type="2"
        >
          <b
            class="c1"
          >
            2:30pm
          </b>
        </div>
        <div
          class="c2"
          type="2"
        >
          <b
            class="c1"
          >
            2:45pm
          </b>
        </div>
        <div
          class="c3"
          type="1"
        >
          <b
            class="c1"
          >
            3:00pm
          </b>
          <b
            class="time-tick-large-text"
          >
            3pm
          </b>
        </div>
        <div
          class="c2"
          type="2"
        >
          <b
            class="c1"
          >
            3:15pm
          </b>
        </div>
        <div
          class="c2"
          type="2"
        >
          <b
            class="c1"
          >
            3:30pm
          </b>
        </div>
        <div
          class="c2"
          type="2"
        >
          <b
            class="c1"
          >
            3:45pm
          </b>
        </div>
        <div
          class="c3"
          type="1"
        >
          <b
            class="c1"
          >
            4:00pm
          </b>
          <b
            class="time-tick-large-text"
          >
            4pm
          </b>
        </div>
        <div
          class="c2"
          type="2"
        >
          <b
            class="c1"
          >
            4:15pm
          </b>
        </div>
        <div
          class="c2"
          type="2"
        >
          <b
            class="c1"
          >
            4:30pm
          </b>
        </div>
        <div
          class="c2"
          type="2"
        >
          <b
            class="c1"
          >
            4:45pm
          </b>
        </div>
        <div
          class="c3"
          type="1"
        >
          <b
            class="c1"
          >
            5:00pm
          </b>
          <b
            class="time-tick-large-text"
          >
            5pm
          </b>
        </div>
      </div>
      <div
        class="day "
      >
        <div
          class="c0"
          type="0"
        >
          <b
            class="c1"
          >
            8:00am
          </b>
          <b
            class="time-tick-large-text"
          >
            8am
          </b>
        </div>
        <div
          class="c2"
          type="2"
        >
          <b
            class="c1"
          >
            8:15am
          </b>
        </div>
        <div
          class="c2"
          type="2"
        >
          <b
            class="c1"
          >
            8:30am
          </b>
        </div>
        <div
          class="c2"
          type="2"
        >
          <b
            class="c1"
          >
            8:45am
          </b>
        </div>
        <div
          class="c3"
          type="1"
        >
          <b
            class="c1"
          >
            9:00am
          </b>
          <b
            class="time-tick-large-text"
          >
            9am
          </b>
        </div>
        <div
          class="c2"
          type="2"
        >
          <b
            class="c1"
          >
            9:15am
          </b>
        </div>
        <div
          class="c2"
          type="2"
        >
          <b
            class="c1"
          >
            9:30am
          </b>
        </div>
        <div
          class="c2"
          type="2"
        >
          <b
            class="c1"
          >
            9:45am
          </b>
        </div>
        <div
          class="c3"
          type="1"
        >
          <b
            class="c1"
          >
            10:00am
          </b>
          <b
            class="time-tick-large-text"
          >
            10am
          </b>
        </div>
        <div
          class="c2"
          type="2"
        >
          <b
            class="c1"
          >
            10:15am
          </b>
        </div>
        <div
          class="c2"
          type="2"
        >
          <b
            class="c1"
          >
            10:30am
          </b>
        </div>
        <div
          class="c2"
          type="2"
        >
          <b
            class="c1"
          >
            10:45am
          </b>
        </div>
        <div
          class="c3"
          type="1"
        >
          <b
            class="c1"
          >
            11:00am
          </b>
          <b
            class="time-tick-large-text"
          >
            11am
          </b>
        </div>
        <div
          class="c2"
          type="2"
        >
          <b
            class="c1"
          >
            11:15am
          </b>
        </div>
        <div
          class="c2"
          type="2"
        >
          <b
            class="c1"
          >
            11:30am
          </b>
        </div>
        <div
          class="c2"
          type="2"
        >
          <b
            class="c1"
          >
            11:45am
          </b>
        </div>
        <div
          class="c3"
          type="1"
        >
          <b
            class="c1"
          >
            12:00pm
          </b>
          <b
            class="time-tick-large-text"
          >
            12pm
          </b>
        </div>
        <div
          class="c2"
          type="2"
        >
          <b
            class="c1"
          >
            12:15pm
          </b>
        </div>
        <div
          class="c2"
          type="2"
        >
          <b
            class="c1"
          >
            12:30pm
          </b>
        </div>
        <div
          class="c2"
          type="2"
        >
          <b
            class="c1"
          >
            12:45pm
          </b>
        </div>
        <div
          class="c3"
          type="1"
        >
          <b
            class="c1"
          >
            1:00pm
          </b>
          <b
            class="time-tick-large-text"
          >
            1pm
          </b>
        </div>
        <div
          class="c2"
          type="2"
        >
          <b
            class="c1"
          >
            1:15pm
          </b>
        </div>
        <div
          class="c2"
          type="2"
        >
          <b
            class="c1"
          >
            1:30pm
          </b>
        </div>
        <div
          class="c2"
          type="2"
        >
          <b
            class="c1"
          >
            1:45pm
          </b>
        </div>
        <div
          class="c3"
          type="1"
        >
          <b
            class="c1"
          >
            2:00pm
          </b>
          <b
            class="time-tick-large-text"
          >
            2pm
          </b>
        </div>
        <div
          class="c2"
          type="2"
        >
          <b
            class="c1"
          >
            2:15pm
          </b>
        </div>
        <div
          class="c2"
          type="2"
        >
          <b
            class="c1"
          >
            2:30pm
          </b>
        </div>
        <div
          class="c2"
          type="2"
        >
          <b
            class="c1"
          >
            2:45pm
          </b>
        </div>
        <div
          class="c3"
          type="1"
        >
          <b
            class="c1"
          >
            3:00pm
          </b>
          <b
            class="time-tick-large-text"
          >
            3pm
          </b>
        </div>
        <div
          class="c2"
          type="2"
        >
          <b
            class="c1"
          >
            3:15pm
          </b>
        </div>
        <div
          class="c2"
          type="2"
        >
          <b
            class="c1"
          >
            3:30pm
          </b>
        </div>
        <div
          class="c2"
          type="2"
        >
          <b
            class="c1"
          >
            3:45pm
          </b>
        </div>
        <div
          class="c3"
          type="1"
        >
          <b
            class="c1"
          >
            4:00pm
          </b>
          <b
            class="time-tick-large-text"
          >
            4pm
          </b>
        </div>
        <div
          class="c2"
          type="2"
        >
          <b
            class="c1"
          >
            4:15pm
          </b>
        </div>
        <div
          class="c2"
          type="2"
        >
          <b
            class="c1"
          >
            4:30pm
          </b>
        </div>
        <div
          class="c2"
          type="2"
        >
          <b
            class="c1"
          >
            4:45pm
          </b>
        </div>
        <div
          class="c3"
          type="1"
        >
          <b
            class="c1"
          >
            5:00pm
          </b>
          <b
            class="time-tick-large-text"
          >
            5pm
          </b>
        </div>
      </div>
    </div>
  </div>
</DocumentFragment>
`;
